// Jest Snapshot v1, https://goo.gl/fbAQLP

exports[`renders correctly 1`] = `
<footer
  className=""
  dir="ltr"
>
  <div
    className=" hidden lg:block larger-screen"
  >
    <div
      className="flex justify-evenly  bg-[#32314C] w-full h-full break-all mt-auto "
    >
      <div
        className=" flex p-4  flex-col       items-center justify-center  space-y-4"
      >
        <a
          className=""
          href="/"
          onClick={[Function]}
          onMouseEnter={[Function]}
          onTouchStart={[Function]}
        >
          <img
            alt="logo"
            data-nimg="1"
            decoding="async"
            height={50}
            loading="lazy"
            onError={[Function]}
            onLoad={[Function]}
            src="/images/logo-footer.svg"
            style={
              Object {
                "color": "transparent",
              }
            }
            width={150}
          />
        </a>
      </div>
      <div
        className=" mt-4 p-6"
      >
        <ul
          className="space-y-3  text-white font-small text-sm"
        >
          <li>
            <a
              className="flex cursor-pointer items-center  space-x-2 text-white hover:text-[#FF8A57]"
              href="/aboutus"
              onClick={[Function]}
              onMouseEnter={[Function]}
              onTouchStart={[Function]}
            >
              Mock Translation Function
            </a>
          </li>
          <li>
            <h2>
              Mock Translation Function
            </h2>
          </li>
          <li>
            <ul
              className="text-gray-600 space-y-1 dark:text-gray-400 font-small"
            >
              <li>
                <div
                  className=" flex space-x-2 gap-2 text-xs"
                >
                  <svg
                    fill="currentColor"
                    height={15}
                    stroke="currentColor"
                    strokeWidth="0"
                    style={
                      Object {
                        "color": "#FFFFFF",
                      }
                    }
                    viewBox="0 0 448 512"
                    width={15}
                    xmlns="http://www.w3.org/2000/svg"
                  >
                    <path
                      d="M400 32H48A48 48 0 0 0 0 80v352a48 48 0 0 0 48 48h352a48 48 0 0 0 48-48V80a48 48 0 0 0-48-48zm-16.39 307.37l-15 65A15 15 0 0 1 354 416C194 416 64 286.29 64 126a15.7 15.7 0 0 1 11.63-14.61l65-15A18.23 18.23 0 0 1 144 96a16.27 16.27 0 0 1 13.79 9.09l30 70A17.9 17.9 0 0 1 189 181a17 17 0 0 1-5.5 11.61l-37.89 31a231.91 231.91 0 0 0 110.78 110.78l31-37.89A17 17 0 0 1 299 291a17.85 17.85 0 0 1 5.91 1.21l70 30A16.25 16.25 0 0 1 384 336a17.41 17.41 0 0 1-.39 3.37z"
                    />
                  </svg>
                  <a
                    href="tel:+2130699514862"
                    onClick={[Function]}
                    onMouseEnter={[Function]}
                    onTouchStart={[Function]}
                  >
                    +213 699 514 862
                  </a>
                </div>
              </li>
              <li>
                <div
                  className="flex space-x-2 gap-2 text-xs"
                >
                  <svg
                    fill="currentColor"
                    height={15}
                    stroke="currentColor"
                    strokeWidth="0"
                    style={
                      Object {
                        "color": "#FFFFFF",
                      }
                    }
                    viewBox="0 0 512 512"
                    width={15}
                    xmlns="http://www.w3.org/2000/svg"
                  >
                    <path
                      d="M502.3 190.8c3.9-3.1 9.7-.2 9.7 4.7V400c0 26.5-21.5 48-48 48H48c-26.5 0-48-21.5-48-48V195.6c0-5 5.7-7.8 9.7-4.7 22.4 17.4 52.1 39.5 154.1 113.6 21.1 15.4 56.7 47.8 92.2 47.6 35.7.3 72-32.8 92.3-47.6 102-74.1 131.6-96.3 154-113.7zM256 320c23.2.4 56.6-29.2 73.4-41.4 132.7-96.3 142.8-104.7 173.4-128.7 5.8-4.5 9.2-11.5 9.2-18.9v-19c0-26.5-21.5-48-48-48H48C21.5 64 0 85.5 0 112v19c0 7.4 3.4 14.3 9.2 18.9 30.6 23.9 40.7 32.4 173.4 128.7 16.8 12.2 50.2 41.8 73.4 41.4z"
                    />
                  </svg>
                  <a
                    href="mailto:adresse@email.com"
                    onClick={[Function]}
                    onMouseEnter={[Function]}
                    onTouchStart={[Function]}
                  >
                    Contact@studentstore.com
                  </a>
                </div>
              </li>
            </ul>
          </li>
        </ul>
      </div>
      <div
        className="flex space-y-8 flex-col items-center justify-center"
      >
        <ul
          className="  space-y-4 text-white font-small text-xs"
        >
          <li>
            <a
              className="flex cursor-pointer items-center  space-x-2 gap-2 text-white hover:text-[#FF8A57]"
              href="/listing"
              onClick={[Function]}
              onMouseEnter={[Function]}
              onTouchStart={[Function]}
            >
              <svg
                fill="currentColor"
                height={12}
                stroke="currentColor"
                strokeWidth="0"
                style={
                  Object {
                    "color": undefined,
                  }
                }
                viewBox="0 0 448 512"
                width={12}
                xmlns="http://www.w3.org/2000/svg"
              >
                <path
                  d="M352 240v32c0 6.6-5.4 12-12 12h-88v88c0 6.6-5.4 12-12 12h-32c-6.6 0-12-5.4-12-12v-88h-88c-6.6 0-12-5.4-12-12v-32c0-6.6 5.4-12 12-12h88v-88c0-6.6 5.4-12 12-12h32c6.6 0 12 5.4 12 12v88h88c6.6 0 12 5.4 12 12zm96-160v352c0 26.5-21.5 48-48 48H48c-26.5 0-48-21.5-48-48V80c0-26.5 21.5-48 48-48h352c26.5 0 48 21.5 48 48zm-48 346V86c0-3.3-2.7-6-6-6H54c-3.3 0-6 2.7-6 6v340c0 3.3 2.7 6 6 6h340c3.3 0 6-2.7 6-6z"
                />
              </svg>
              <p>
                 
                Mock Translation Function
              </p>
            </a>
          </li>
          <li>
            <a
              className="flex cursor-pointer items-center  space-x-2 gap-2 text-white hover:text-[#FF8A57]"
              href="/products"
              onClick={[Function]}
              onMouseEnter={[Function]}
              onTouchStart={[Function]}
            >
              <svg
                fill="currentColor"
                height={12}
                stroke="currentColor"
                strokeWidth="0"
                style={
                  Object {
                    "color": undefined,
                  }
                }
                viewBox="0 0 512 512"
                width={12}
                xmlns="http://www.w3.org/2000/svg"
              >
                <path
                  d="M461.2 128H80c-8.84 0-16-7.16-16-16s7.16-16 16-16h384c8.84 0 16-7.16 16-16 0-26.51-21.49-48-48-48H64C28.65 32 0 60.65 0 96v320c0 35.35 28.65 64 64 64h397.2c28.02 0 50.8-21.53 50.8-48V176c0-26.47-22.78-48-50.8-48zM416 336c-17.67 0-32-14.33-32-32s14.33-32 32-32 32 14.33 32 32-14.33 32-32 32z"
                />
              </svg>
              <p>
                Mock Translation Function
              </p>
            </a>
          </li>
        </ul>
        <div
          className="social-media flex  gap-4 "
        >
          <a
            href="https://web.facebook.com/recodedofficial"
            onClick={[Function]}
            onMouseEnter={[Function]}
            onTouchStart={[Function]}
          >
            <svg
              className=" text-white hover:text-[#1877f2]                      "
              fill="currentColor"
              height={25}
              stroke="currentColor"
              strokeWidth="0"
              style={
                Object {
                  "color": undefined,
                }
              }
              viewBox="0 0 512 512"
              width={25}
              xmlns="http://www.w3.org/2000/svg"
            >
              <path
                d="M504 256C504 119 393 8 256 8S8 119 8 256c0 123.78 90.69 226.38 209.25 245V327.69h-63V256h63v-54.64c0-62.15 37-96.48 93.67-96.48 27.14 0 55.52 4.84 55.52 4.84v61h-31.28c-30.8 0-40.41 19.12-40.41 38.73V256h68.78l-11 71.69h-57.78V501C413.31 482.38 504 379.78 504 256z"
              />
            </svg>
          </a>
          <a
            href="https://www.linkedin.com/school/re-coded/"
            onClick={[Function]}
            onMouseEnter={[Function]}
            onTouchStart={[Function]}
          >
            <svg
              className=" text-white hover:text-[#0a66c2] "
              fill="currentColor"
              height={25}
              stroke="currentColor"
              strokeWidth="0"
              style={
                Object {
                  "color": undefined,
                }
              }
              viewBox="0 0 448 512"
              width={25}
              xmlns="http://www.w3.org/2000/svg"
            >
              <path
                d="M416 32H31.9C14.3 32 0 46.5 0 64.3v383.4C0 465.5 14.3 480 31.9 480H416c17.6 0 32-14.5 32-32.3V64.3c0-17.8-14.4-32.3-32-32.3zM135.4 416H69V202.2h66.5V416zm-33.2-243c-21.3 0-38.5-17.3-38.5-38.5S80.9 96 102.2 96c21.2 0 38.5 17.3 38.5 38.5 0 21.3-17.2 38.5-38.5 38.5zm282.1 243h-66.4V312c0-24.8-.5-56.7-34.5-56.7-34.6 0-39.9 27-39.9 54.9V416h-66.4V202.2h63.7v29.2h.9c8.9-16.8 30.6-34.5 62.9-34.5 67.2 0 79.7 44.3 79.7 101.9V416z"
              />
            </svg>
          </a>
          <a
            href="https://www.instagram.com/recodedofficial/"
            onClick={[Function]}
            onMouseEnter={[Function]}
            onTouchStart={[Function]}
          >
            <svg
              className=" text-white hover:text-[#c32aa3]                      "
              fill="currentColor"
              height={25}
              stroke="currentColor"
              strokeWidth="0"
              style={
                Object {
                  "color": undefined,
                }
              }
              viewBox="0 0 448 512"
              width={25}
              xmlns="http://www.w3.org/2000/svg"
            >
              <path
                d="M224.1 141c-63.6 0-114.9 51.3-114.9 114.9s51.3 114.9 114.9 114.9S339 319.5 339 255.9 287.7 141 224.1 141zm0 189.6c-41.1 0-74.7-33.5-74.7-74.7s33.5-74.7 74.7-74.7 74.7 33.5 74.7 74.7-33.6 74.7-74.7 74.7zm146.4-194.3c0 14.9-12 26.8-26.8 26.8-14.9 0-26.8-12-26.8-26.8s12-26.8 26.8-26.8 26.8 12 26.8 26.8zm76.1 27.2c-1.7-35.9-9.9-67.7-36.2-93.9-26.2-26.2-58-34.4-93.9-36.2-37-2.1-147.9-2.1-184.9 0-35.8 1.7-67.6 9.9-93.9 36.1s-34.4 58-36.2 93.9c-2.1 37-2.1 147.9 0 184.9 1.7 35.9 9.9 67.7 36.2 93.9s58 34.4 93.9 36.2c37 2.1 147.9 2.1 184.9 0 35.9-1.7 67.7-9.9 93.9-36.2 26.2-26.2 34.4-58 36.2-93.9 2.1-37 2.1-147.8 0-184.8zM398.8 388c-7.8 19.6-22.9 34.7-42.6 42.6-29.5 11.7-99.5 9-132.1 9s-102.7 2.6-132.1-9c-19.6-7.8-34.7-22.9-42.6-42.6-11.7-29.5-9-99.5-9-132.1s-2.6-102.7 9-132.1c7.8-19.6 22.9-34.7 42.6-42.6 29.5-11.7 99.5-9 132.1-9s102.7-2.6 132.1 9c19.6 7.8 34.7 22.9 42.6 42.6 11.7 29.5 9 99.5 9 132.1s2.7 102.7-9 132.1z"
              />
            </svg>
          </a>
        </div>
      </div>
    </div>
  </div>
  <div
    className="tablets hidden md:block lg:hidden "
  >
    <div
      className="flex-col   bg-[#32314C] w-full h-full break-all mt-auto "
    >
      <div
        className=" flex p-4 justify-evenly "
      >
        <a
          className=""
          href="/"
          onClick={[Function]}
          onMouseEnter={[Function]}
          onTouchStart={[Function]}
        >
          <img
            alt="logo"
            data-nimg="1"
            decoding="async"
            height={50}
            loading="lazy"
            onError={[Function]}
            onLoad={[Function]}
            src="/images/logo-footer.svg"
            style={
              Object {
                "color": "transparent",
              }
            }
            width={100}
          />
        </a>
        <div
          className="social-media items-center  flex gap-4 "
        >
          <a
            className="items-center"
            href="https://web.facebook.com/recodedofficial"
            onClick={[Function]}
            onMouseEnter={[Function]}
            onTouchStart={[Function]}
          >
            <svg
              className="items-center"
              fill="currentColor"
              height={25}
              stroke="currentColor"
              strokeWidth="0"
              style={
                Object {
                  "color": "#FFFFFF",
                }
              }
              viewBox="0 0 512 512"
              width={25}
              xmlns="http://www.w3.org/2000/svg"
            >
              <path
                d="M504 256C504 119 393 8 256 8S8 119 8 256c0 123.78 90.69 226.38 209.25 245V327.69h-63V256h63v-54.64c0-62.15 37-96.48 93.67-96.48 27.14 0 55.52 4.84 55.52 4.84v61h-31.28c-30.8 0-40.41 19.12-40.41 38.73V256h68.78l-11 71.69h-57.78V501C413.31 482.38 504 379.78 504 256z"
              />
            </svg>
          </a>
          <a
            href="https://www.linkedin.com/school/re-coded/"
            onClick={[Function]}
            onMouseEnter={[Function]}
            onTouchStart={[Function]}
          >
            <svg
              fill="currentColor"
              height={25}
              stroke="currentColor"
              strokeWidth="0"
              style={
                Object {
                  "color": "#FFFFFF",
                }
              }
              viewBox="0 0 448 512"
              width={25}
              xmlns="http://www.w3.org/2000/svg"
            >
              <path
                d="M416 32H31.9C14.3 32 0 46.5 0 64.3v383.4C0 465.5 14.3 480 31.9 480H416c17.6 0 32-14.5 32-32.3V64.3c0-17.8-14.4-32.3-32-32.3zM135.4 416H69V202.2h66.5V416zm-33.2-243c-21.3 0-38.5-17.3-38.5-38.5S80.9 96 102.2 96c21.2 0 38.5 17.3 38.5 38.5 0 21.3-17.2 38.5-38.5 38.5zm282.1 243h-66.4V312c0-24.8-.5-56.7-34.5-56.7-34.6 0-39.9 27-39.9 54.9V416h-66.4V202.2h63.7v29.2h.9c8.9-16.8 30.6-34.5 62.9-34.5 67.2 0 79.7 44.3 79.7 101.9V416z"
              />
            </svg>
          </a>
          <a
            href="https://www.instagram.com/recodedofficial/"
            onClick={[Function]}
            onMouseEnter={[Function]}
            onTouchStart={[Function]}
          >
            <svg
              fill="currentColor"
              height={25}
              stroke="currentColor"
              strokeWidth="0"
              style={
                Object {
                  "color": "#FFFFFF",
                }
              }
              viewBox="0 0 448 512"
              width={25}
              xmlns="http://www.w3.org/2000/svg"
            >
              <path
                d="M224.1 141c-63.6 0-114.9 51.3-114.9 114.9s51.3 114.9 114.9 114.9S339 319.5 339 255.9 287.7 141 224.1 141zm0 189.6c-41.1 0-74.7-33.5-74.7-74.7s33.5-74.7 74.7-74.7 74.7 33.5 74.7 74.7-33.6 74.7-74.7 74.7zm146.4-194.3c0 14.9-12 26.8-26.8 26.8-14.9 0-26.8-12-26.8-26.8s12-26.8 26.8-26.8 26.8 12 26.8 26.8zm76.1 27.2c-1.7-35.9-9.9-67.7-36.2-93.9-26.2-26.2-58-34.4-93.9-36.2-37-2.1-147.9-2.1-184.9 0-35.8 1.7-67.6 9.9-93.9 36.1s-34.4 58-36.2 93.9c-2.1 37-2.1 147.9 0 184.9 1.7 35.9 9.9 67.7 36.2 93.9s58 34.4 93.9 36.2c37 2.1 147.9 2.1 184.9 0 35.9-1.7 67.7-9.9 93.9-36.2 26.2-26.2 34.4-58 36.2-93.9 2.1-37 2.1-147.8 0-184.8zM398.8 388c-7.8 19.6-22.9 34.7-42.6 42.6-29.5 11.7-99.5 9-132.1 9s-102.7 2.6-132.1-9c-19.6-7.8-34.7-22.9-42.6-42.6-11.7-29.5-9-99.5-9-132.1s-2.6-102.7 9-132.1c7.8-19.6 22.9-34.7 42.6-42.6 29.5-11.7 99.5-9 132.1-9s102.7-2.6 132.1 9c19.6 7.8 34.7 22.9 42.6 42.6 11.7 29.5 9 99.5 9 132.1s2.7 102.7-9 132.1z"
              />
            </svg>
          </a>
        </div>
      </div>
      <div
        className="flex items-center justify-around p-2"
      >
        <ul
          className="space-y-3 text-white font-small text-sm"
        >
          <li>
            <a
              className="flex cursor-pointer items-center  space-x-2 text-white hover:text-[#FF8A57]"
              href="/aboutus"
              onClick={[Function]}
              onMouseEnter={[Function]}
              onTouchStart={[Function]}
            >
              Mock Translation Function
            </a>
          </li>
          <li>
            <a
              className="flex cursor-pointer items-center  space-x-2 text-white hover:text-[#FF8A57]"
              href="https://github.com/202306-NEA-DZ-FEW/StudentStore/graphs/contributors"
              onClick={[Function]}
              onMouseEnter={[Function]}
              onTouchStart={[Function]}
              target="_blank"
            >
              Mock Translation Function
            </a>
          </li>
        </ul>
        <ul
          className="text-gray-600 space-y-2 dark:text-gray-400 font-small text-xs"
        >
          <li>
            <h2
              className=" text-white font-medium text-md"
            >
              Mock Translation Function
            </h2>
          </li>
          <li>
            <div
              className=" flex space-x-2 gap-2"
            >
              <svg
                fill="currentColor"
                height={15}
                stroke="currentColor"
                strokeWidth="0"
                style={
                  Object {
                    "color": "#FFFFFF",
                  }
                }
                viewBox="0 0 448 512"
                width={15}
                xmlns="http://www.w3.org/2000/svg"
              >
                <path
                  d="M400 32H48A48 48 0 0 0 0 80v352a48 48 0 0 0 48 48h352a48 48 0 0 0 48-48V80a48 48 0 0 0-48-48zm-16.39 307.37l-15 65A15 15 0 0 1 354 416C194 416 64 286.29 64 126a15.7 15.7 0 0 1 11.63-14.61l65-15A18.23 18.23 0 0 1 144 96a16.27 16.27 0 0 1 13.79 9.09l30 70A17.9 17.9 0 0 1 189 181a17 17 0 0 1-5.5 11.61l-37.89 31a231.91 231.91 0 0 0 110.78 110.78l31-37.89A17 17 0 0 1 299 291a17.85 17.85 0 0 1 5.91 1.21l70 30A16.25 16.25 0 0 1 384 336a17.41 17.41 0 0 1-.39 3.37z"
                />
              </svg>
              <p>
                 +213 123 456 789
              </p>
            </div>
          </li>
          <li>
            <div
              className="flex space-x-2 gap-2"
            >
              <svg
                fill="currentColor"
                height={15}
                stroke="currentColor"
                strokeWidth="0"
                style={
                  Object {
                    "color": "#FFFFFF",
                  }
                }
                viewBox="0 0 512 512"
                width={15}
                xmlns="http://www.w3.org/2000/svg"
              >
                <path
                  d="M502.3 190.8c3.9-3.1 9.7-.2 9.7 4.7V400c0 26.5-21.5 48-48 48H48c-26.5 0-48-21.5-48-48V195.6c0-5 5.7-7.8 9.7-4.7 22.4 17.4 52.1 39.5 154.1 113.6 21.1 15.4 56.7 47.8 92.2 47.6 35.7.3 72-32.8 92.3-47.6 102-74.1 131.6-96.3 154-113.7zM256 320c23.2.4 56.6-29.2 73.4-41.4 132.7-96.3 142.8-104.7 173.4-128.7 5.8-4.5 9.2-11.5 9.2-18.9v-19c0-26.5-21.5-48-48-48H48C21.5 64 0 85.5 0 112v19c0 7.4 3.4 14.3 9.2 18.9 30.6 23.9 40.7 32.4 173.4 128.7 16.8 12.2 50.2 41.8 73.4 41.4z"
                />
              </svg>
              <p>
                 Contact@studentstore.com
              </p>
            </div>
          </li>
        </ul>
        <div
          className="flex p-2 space-y-8 flex-col  items-center justify-center "
        >
          <ul
            className="  space-y-4 text-white font-small text-sm "
          >
            <li
              className="hover:underline hover:text-orange"
            >
              <a
                className="flex cursor-pointer items-center  space-x-2 gap-2 text-white hover:text-[#FF8A57]"
                href="/listing"
                onClick={[Function]}
                onMouseEnter={[Function]}
                onTouchStart={[Function]}
              >
                <svg
                  fill="currentColor"
                  height={12}
                  stroke="currentColor"
                  strokeWidth="0"
                  style={
                    Object {
                      "color": undefined,
                    }
                  }
                  viewBox="0 0 448 512"
                  width={12}
                  xmlns="http://www.w3.org/2000/svg"
                >
                  <path
                    d="M352 240v32c0 6.6-5.4 12-12 12h-88v88c0 6.6-5.4 12-12 12h-32c-6.6 0-12-5.4-12-12v-88h-88c-6.6 0-12-5.4-12-12v-32c0-6.6 5.4-12 12-12h88v-88c0-6.6 5.4-12 12-12h32c6.6 0 12 5.4 12 12v88h88c6.6 0 12 5.4 12 12zm96-160v352c0 26.5-21.5 48-48 48H48c-26.5 0-48-21.5-48-48V80c0-26.5 21.5-48 48-48h352c26.5 0 48 21.5 48 48zm-48 346V86c0-3.3-2.7-6-6-6H54c-3.3 0-6 2.7-6 6v340c0 3.3 2.7 6 6 6h340c3.3 0 6-2.7 6-6z"
                  />
                </svg>
                <p>
                   
                  Mock Translation Function
                </p>
              </a>
            </li>
            <li>
              <a
                className="flex cursor-pointer items-center  space-x-2 text-white hover:text-[#FF8A57] gap-2"
                href="/products"
                onClick={[Function]}
                onMouseEnter={[Function]}
                onTouchStart={[Function]}
              >
                <svg
                  fill="currentColor"
                  height={12}
                  stroke="currentColor"
                  strokeWidth="0"
                  style={
                    Object {
                      "color": undefined,
                    }
                  }
                  viewBox="0 0 512 512"
                  width={12}
                  xmlns="http://www.w3.org/2000/svg"
                >
                  <path
                    d="M461.2 128H80c-8.84 0-16-7.16-16-16s7.16-16 16-16h384c8.84 0 16-7.16 16-16 0-26.51-21.49-48-48-48H64C28.65 32 0 60.65 0 96v320c0 35.35 28.65 64 64 64h397.2c28.02 0 50.8-21.53 50.8-48V176c0-26.47-22.78-48-50.8-48zM416 336c-17.67 0-32-14.33-32-32s14.33-32 32-32 32 14.33 32 32-14.33 32-32 32z"
                  />
                </svg>
                <p>
                  Mock Translation Function
                </p>
              </a>
            </li>
          </ul>
        </div>
      </div>
    </div>
  </div>
  <div
    className=" mobile block md:hidden "
  >
    <div
      className="flex-col   bg-[#32314C] w-full h-full break-all mt-auto "
    >
      <div
        className=" flex justify-center p-2 "
      >
        <a
          className=""
          href="/"
          onClick={[Function]}
          onMouseEnter={[Function]}
          onTouchStart={[Function]}
        >
          <img
            alt="logo"
            data-nimg="1"
            decoding="async"
            height={70}
            loading="lazy"
            onError={[Function]}
            onLoad={[Function]}
            src="/images/logo-footer.svg"
            style={
              Object {
                "color": "transparent",
              }
            }
            width={100}
          />
        </a>
      </div>
      <div
        className="flex justify-around p-0"
      >
        <ul
          className="space-y-3 text-white font-small text-xs"
        >
          <li>
            <a
              className="flex cursor-pointer items-center  space-x-2 text-white hover:text-[#FF8A57]"
              href="/aboutus"
              onClick={[Function]}
              onMouseEnter={[Function]}
              onTouchStart={[Function]}
            >
              Mock Translation Function
            </a>
          </li>
          <li>
            <ul
              className="text-gray-600 space-y-1 dark:text-gray-400 font-small text-xs"
            >
              <li>
                <h2
                  className=" text-white font-sm pb-2"
                >
                  Mock Translation Function
                  :
                </h2>
              </li>
              <li>
                <div
                  className=" flex space-x-2"
                >
                  <svg
                    fill="currentColor"
                    height={15}
                    stroke="currentColor"
                    strokeWidth="0"
                    style={
                      Object {
                        "color": "#FFFFFF",
                      }
                    }
                    viewBox="0 0 448 512"
                    width={15}
                    xmlns="http://www.w3.org/2000/svg"
                  >
                    <path
                      d="M400 32H48A48 48 0 0 0 0 80v352a48 48 0 0 0 48 48h352a48 48 0 0 0 48-48V80a48 48 0 0 0-48-48zm-16.39 307.37l-15 65A15 15 0 0 1 354 416C194 416 64 286.29 64 126a15.7 15.7 0 0 1 11.63-14.61l65-15A18.23 18.23 0 0 1 144 96a16.27 16.27 0 0 1 13.79 9.09l30 70A17.9 17.9 0 0 1 189 181a17 17 0 0 1-5.5 11.61l-37.89 31a231.91 231.91 0 0 0 110.78 110.78l31-37.89A17 17 0 0 1 299 291a17.85 17.85 0 0 1 5.91 1.21l70 30A16.25 16.25 0 0 1 384 336a17.41 17.41 0 0 1-.39 3.37z"
                    />
                  </svg>
                  <p>
                     +213 123 456 789
                  </p>
                </div>
              </li>
              <li>
                <div
                  className="flex space-x-2"
                >
                  <svg
                    fill="currentColor"
                    height={15}
                    stroke="currentColor"
                    strokeWidth="0"
                    style={
                      Object {
                        "color": "#FFFFFF",
                      }
                    }
                    viewBox="0 0 512 512"
                    width={15}
                    xmlns="http://www.w3.org/2000/svg"
                  >
                    <path
                      d="M502.3 190.8c3.9-3.1 9.7-.2 9.7 4.7V400c0 26.5-21.5 48-48 48H48c-26.5 0-48-21.5-48-48V195.6c0-5 5.7-7.8 9.7-4.7 22.4 17.4 52.1 39.5 154.1 113.6 21.1 15.4 56.7 47.8 92.2 47.6 35.7.3 72-32.8 92.3-47.6 102-74.1 131.6-96.3 154-113.7zM256 320c23.2.4 56.6-29.2 73.4-41.4 132.7-96.3 142.8-104.7 173.4-128.7 5.8-4.5 9.2-11.5 9.2-18.9v-19c0-26.5-21.5-48-48-48H48C21.5 64 0 85.5 0 112v19c0 7.4 3.4 14.3 9.2 18.9 30.6 23.9 40.7 32.4 173.4 128.7 16.8 12.2 50.2 41.8 73.4 41.4z"
                    />
                  </svg>
                  <p>
                     Contact@studentstore.com
                  </p>
                </div>
              </li>
            </ul>
          </li>
        </ul>
        <div
          className="flex p-2 space-y-8 flex-col items-center justify-center"
        />
        <div
          className="social-media items-center flex  flex-col space-y-4 "
        >
          <a
            className="items-center"
            href="https://web.facebook.com/recodedofficial"
            onClick={[Function]}
            onMouseEnter={[Function]}
            onTouchStart={[Function]}
          >
            <svg
              className="items-center "
              fill="currentColor"
              height={20}
              stroke="currentColor"
              strokeWidth="0"
              style={
                Object {
                  "color": "#FFFFFF",
                }
              }
              viewBox="0 0 512 512"
              width={20}
              xmlns="http://www.w3.org/2000/svg"
            >
              <path
                d="M504 256C504 119 393 8 256 8S8 119 8 256c0 123.78 90.69 226.38 209.25 245V327.69h-63V256h63v-54.64c0-62.15 37-96.48 93.67-96.48 27.14 0 55.52 4.84 55.52 4.84v61h-31.28c-30.8 0-40.41 19.12-40.41 38.73V256h68.78l-11 71.69h-57.78V501C413.31 482.38 504 379.78 504 256z"
              />
            </svg>
          </a>
          <a
            href="https://www.linkedin.com/school/re-coded/"
            onClick={[Function]}
            onMouseEnter={[Function]}
            onTouchStart={[Function]}
          >
            <svg
              fill="currentColor"
              height={20}
              stroke="currentColor"
              strokeWidth="0"
              style={
                Object {
                  "color": "#FFFFFF",
                }
              }
              viewBox="0 0 448 512"
              width={20}
              xmlns="http://www.w3.org/2000/svg"
            >
              <path
                d="M416 32H31.9C14.3 32 0 46.5 0 64.3v383.4C0 465.5 14.3 480 31.9 480H416c17.6 0 32-14.5 32-32.3V64.3c0-17.8-14.4-32.3-32-32.3zM135.4 416H69V202.2h66.5V416zm-33.2-243c-21.3 0-38.5-17.3-38.5-38.5S80.9 96 102.2 96c21.2 0 38.5 17.3 38.5 38.5 0 21.3-17.2 38.5-38.5 38.5zm282.1 243h-66.4V312c0-24.8-.5-56.7-34.5-56.7-34.6 0-39.9 27-39.9 54.9V416h-66.4V202.2h63.7v29.2h.9c8.9-16.8 30.6-34.5 62.9-34.5 67.2 0 79.7 44.3 79.7 101.9V416z"
              />
            </svg>
          </a>
          <a
            href="https://www.instagram.com/recodedofficial/"
            onClick={[Function]}
            onMouseEnter={[Function]}
            onTouchStart={[Function]}
          >
            <svg
              fill="currentColor"
              height={20}
              stroke="currentColor"
              strokeWidth="0"
              style={
                Object {
                  "color": "#FFFFFF",
                }
              }
              viewBox="0 0 448 512"
              width={20}
              xmlns="http://www.w3.org/2000/svg"
            >
              <path
                d="M224.1 141c-63.6 0-114.9 51.3-114.9 114.9s51.3 114.9 114.9 114.9S339 319.5 339 255.9 287.7 141 224.1 141zm0 189.6c-41.1 0-74.7-33.5-74.7-74.7s33.5-74.7 74.7-74.7 74.7 33.5 74.7 74.7-33.6 74.7-74.7 74.7zm146.4-194.3c0 14.9-12 26.8-26.8 26.8-14.9 0-26.8-12-26.8-26.8s12-26.8 26.8-26.8 26.8 12 26.8 26.8zm76.1 27.2c-1.7-35.9-9.9-67.7-36.2-93.9-26.2-26.2-58-34.4-93.9-36.2-37-2.1-147.9-2.1-184.9 0-35.8 1.7-67.6 9.9-93.9 36.1s-34.4 58-36.2 93.9c-2.1 37-2.1 147.9 0 184.9 1.7 35.9 9.9 67.7 36.2 93.9s58 34.4 93.9 36.2c37 2.1 147.9 2.1 184.9 0 35.9-1.7 67.7-9.9 93.9-36.2 26.2-26.2 34.4-58 36.2-93.9 2.1-37 2.1-147.8 0-184.8zM398.8 388c-7.8 19.6-22.9 34.7-42.6 42.6-29.5 11.7-99.5 9-132.1 9s-102.7 2.6-132.1-9c-19.6-7.8-34.7-22.9-42.6-42.6-11.7-29.5-9-99.5-9-132.1s-2.6-102.7 9-132.1c7.8-19.6 22.9-34.7 42.6-42.6 29.5-11.7 99.5-9 132.1-9s102.7-2.6 132.1 9c19.6 7.8 34.7 22.9 42.6 42.6 11.7 29.5 9 99.5 9 132.1s2.7 102.7-9 132.1z"
              />
            </svg>
          </a>
        </div>
      </div>
      <li
        className="flex justify-center "
      >
        <div
          className=" p-4 text-white font-small text-xs flex gap-10"
        >
          <div
            className="hover:underline hover:text-orange "
          >
            <a
              className="flex cursor-pointer items-center  space-x-2 gap-1 text-white hover:text-[#FF8A57]"
              href="/listing"
              onClick={[Function]}
              onMouseEnter={[Function]}
              onTouchStart={[Function]}
            >
              <svg
                fill="currentColor"
                height={12}
                stroke="currentColor"
                strokeWidth="0"
                style={
                  Object {
                    "color": undefined,
                  }
                }
                viewBox="0 0 448 512"
                width={12}
                xmlns="http://www.w3.org/2000/svg"
              >
                <path
                  d="M352 240v32c0 6.6-5.4 12-12 12h-88v88c0 6.6-5.4 12-12 12h-32c-6.6 0-12-5.4-12-12v-88h-88c-6.6 0-12-5.4-12-12v-32c0-6.6 5.4-12 12-12h88v-88c0-6.6 5.4-12 12-12h32c6.6 0 12 5.4 12 12v88h88c6.6 0 12 5.4 12 12zm96-160v352c0 26.5-21.5 48-48 48H48c-26.5 0-48-21.5-48-48V80c0-26.5 21.5-48 48-48h352c26.5 0 48 21.5 48 48zm-48 346V86c0-3.3-2.7-6-6-6H54c-3.3 0-6 2.7-6 6v340c0 3.3 2.7 6 6 6h340c3.3 0 6-2.7 6-6z"
                />
              </svg>
              <p>
                 
                Mock Translation Function
              </p>
            </a>
          </div>
          <div>
            <a
              className="flex cursor-pointer items-center  space-x-2 gap-1  text-white hover:text-[#FF8A57]"
              href="/products"
              onClick={[Function]}
              onMouseEnter={[Function]}
              onTouchStart={[Function]}
            >
              <svg
                fill="currentColor"
                height={12}
                stroke="currentColor"
                strokeWidth="0"
                style={
                  Object {
                    "color": undefined,
                  }
                }
                viewBox="0 0 512 512"
                width={12}
                xmlns="http://www.w3.org/2000/svg"
              >
                <path
                  d="M461.2 128H80c-8.84 0-16-7.16-16-16s7.16-16 16-16h384c8.84 0 16-7.16 16-16 0-26.51-21.49-48-48-48H64C28.65 32 0 60.65 0 96v320c0 35.35 28.65 64 64 64h397.2c28.02 0 50.8-21.53 50.8-48V176c0-26.47-22.78-48-50.8-48zM416 336c-17.67 0-32-14.33-32-32s14.33-32 32-32 32 14.33 32 32-14.33 32-32 32z"
                />
              </svg>
              <p>
                Mock Translation Function
              </p>
            </a>
          </div>
        </div>
      </li>
    </div>
  </div>
  <div
    className="flex justify-center p-2  bg-[#32314C] text-center text-white font-xs text-xs "
  >
    <p
      className=" text-[8px] "
    >
      Mock Translation Function
    </p>
  </div>
  <div
    className="relative "
  >
    <button
      className="absolute scroll-arrow animate-bounce bottom-4 right-4 "
      onClick={[Function]}
      style={
        Object {
          "background": "none",
          "border": "none",
          "color": "white",
          "cursor": "pointer",
          "display": "inline-block",
          "margin": "8px",
          "zIndex": 999,
        }
      }
    >
      <svg
        fill="currentColor"
        height={40}
        stroke="currentColor"
        strokeWidth="0"
        style={
          Object {
            "color": undefined,
          }
        }
        viewBox="0 0 512 512"
        width={40}
        xmlns="http://www.w3.org/2000/svg"
      >
        <path
          d="M256 217.9L383 345c9.4 9.4 24.6 9.4 33.9 0 9.4-9.4 9.3-24.6 0-34L273 167c-9.1-9.1-23.7-9.3-33.1-.7L95 310.9c-4.7 4.7-7 10.9-7 17s2.3 12.3 7 17c9.4 9.4 24.6 9.4 33.9 0l127.1-127z"
        />
      </svg>
    </button>
  </div>
</footer>
`;
