// Jest Snapshot v1, https://goo.gl/fbAQLP

exports[`renders correctly 1`] = `
<div
  className="w-full sm:w-[80%] sm:mx-auto md:w-[70%] lg:w-[80%] xl:max-w-[1000px] py-5"
>
  <p
    className="text-center text-gray-500 text-2xl capitalize my-10 md:mt-2 max-w-[60%] sm:max-w-full mx-auto invisible"
  >
    sorry,no products match the applied filter.
  </p>
</div>
`;
