// Jest Snapshot v1, https://goo.gl/fbAQLP

exports[`renders correctly 1`] = `
<div
  className="dropdown dropdown-end"
>
  <label
    className="btn btn-ghost btn-circle avatar"
    onClick={[Function]}
    tabIndex={0}
  >
    <div
      className="w-10 rounded-full"
    >
      <img
        alt="profile-pic"
        data-nimg="1"
        decoding="async"
        height={20}
        onError={[Function]}
        onLoad={[Function]}
        src=""
        style={
          Object {
            "color": "transparent",
          }
        }
        width={20}
      />
    </div>
  </label>
</div>
`;
