// Jest Snapshot v1, https://goo.gl/fbAQLP

exports[`renders correctly 1`] = `
<div
  className="w-1/4"
>
  <div>
    <h2>
      Price
    </h2>
    <div
      className="ml-4"
    >
      <div
        className="flex space-x-2 justify-center my-2"
      >
        <input
          className="w-1/2 h-6 border rounded-md px-2 focus:outline-none"
          placeholder="Min"
          type="number"
        />
        <input
          className="w-1/2 h-6 border rounded-md px-2 focus:outline-none"
          placeholder="Max"
          type="number"
        />
      </div>
    </div>
  </div>
  <h2>
    Sort
  </h2>
  <div
    className="ml-4"
  >
    <div
      className="flex items-center mb-1"
    >
      <input
        className="mr-2"
        type="checkbox"
      />
      <label
        className="checkbox-label"
      >
        Price Low to High
      </label>
    </div>
    <div
      className="flex items-center mb-1"
    >
      <input
        className="mr-2"
        type="checkbox"
      />
      <label
        className="checkbox-label"
      >
        Price High to Low
      </label>
    </div>
  </div>
  <h2>
    Type
  </h2>
  <div
    className="ml-4"
  />
</div>
`;
