// Jest Snapshot v1, https://goo.gl/fbAQLP

exports[`renders correctly 1`] = `
<div>
  <div
    className="flex flex-col md:flex-row-reverse"
  >
    <div
      className="w-full md:w-1/2 md:flex md:items-center"
    >
      <img
        alt="Our Mission Photo"
        data-nimg="1"
        decoding="async"
        height={1200}
        loading="lazy"
        onError={[Function]}
        onLoad={[Function]}
        src="/images/aboutus.svg"
        style={
          Object {
            "color": "transparent",
            "height": "auto",
            "width": "100%",
          }
        }
        width={1200}
      />
    </div>
    <div
      className="flex flex-col justify-center items-center gap-3 w-full md:w-1/2 p-4"
    >
      <h1
        className="text-4xl text-[#32314D] font-bold"
      >
        Our Mission
      </h1>
      <p
        className="text-center text-[#32314D] md:text-md lg:text-lg leading-8 md:leading-5 "
      >
        Student Store
      </p>
    </div>
  </div>
</div>
`;
