// Jest Snapshot v1, https://goo.gl/fbAQLP

exports[`renders correctly 1`] = `
<div
  className="flex"
>
  <div
    className="w-1/4"
    dir="ltr"
  >
    <div>
      <h2>
        price
      </h2>
      <div
        className="ml-4"
      >
        <div>
          <input
            className="w-1/2 h-6 border rounded-md px-2 focus:outline-none"
            onChange={[Function]}
            placeholder="min"
            type="number"
            value=""
          />
          <input
            className="w-1/2 h-6 border rounded-md px-2 focus:outline-none"
            onChange={[Function]}
            placeholder="max"
            type="number"
            value=""
          />
        </div>
      </div>
    </div>
    <h2>
      sort by
    </h2>
    <div
      className="ml-4"
    >
      <div>
        <input
          checked={false}
          className="mr-2"
          onChange={[Function]}
          type="checkbox"
        />
        <label
          className="checkbox-label"
        >
          lowest price
        </label>
      </div>
      <div>
        <input
          checked={false}
          className="mr-2"
          onChange={[Function]}
          type="checkbox"
        />
        <label
          className="checkbox-label"
        >
          highest price
        </label>
      </div>
    </div>
    <div>
      <h2>
        type
      </h2>
      <div
        className="ml-4"
      >
        <div
          className="mb-1"
        >
          <input
            checked={false}
            onChange={[Function]}
            type="checkbox"
          />
          <label
            className="label-title ml-2 mb-1 capitalize"
          >
            for sale
          </label>
        </div>
        <div
          className="mb-1"
        >
          <input
            checked={false}
            onChange={[Function]}
            type="checkbox"
          />
          <label
            className="label-title ml-2 mb-1 capitalize"
          >
            for borrow
          </label>
        </div>
      </div>
    </div>
    <div>
      <h2>
        <button
          className="flex items-center"
          onClick={[Function]}
        >
          category
          <svg
            className="ml-2  transition-all duration-200"
            fill="currentColor"
            height="1em"
            stroke="currentColor"
            strokeWidth="0"
            style={
              Object {
                "color": undefined,
              }
            }
            viewBox="0 0 512 512"
            width="1em"
            xmlns="http://www.w3.org/2000/svg"
          >
            <path
              d="M256 294.1L383 167c9.4-9.4 24.6-9.4 33.9 0s9.3 24.6 0 34L273 345c-9.1 9.1-23.7 9.3-33.1.7L95 201.1c-4.7-4.7-7-10.9-7-17s2.3-12.3 7-17c9.4-9.4 24.6-9.4 33.9 0l127.1 127z"
            />
          </svg>
        </button>
      </h2>
    </div>
    <div>
      <h2>
        <button
          className="flex items-center"
          onClick={[Function]}
        >
          condition
          <svg
            className="ml-2  transition-all duration-200"
            fill="currentColor"
            height="1em"
            stroke="currentColor"
            strokeWidth="0"
            style={
              Object {
                "color": undefined,
              }
            }
            viewBox="0 0 512 512"
            width="1em"
            xmlns="http://www.w3.org/2000/svg"
          >
            <path
              d="M256 294.1L383 167c9.4-9.4 24.6-9.4 33.9 0s9.3 24.6 0 34L273 345c-9.1 9.1-23.7 9.3-33.1.7L95 201.1c-4.7-4.7-7-10.9-7-17s2.3-12.3 7-17c9.4-9.4 24.6-9.4 33.9 0l127.1 127z"
            />
          </svg>
        </button>
      </h2>
    </div>
    <div>
      <button
        onClick={[Function]}
      >
        clear filters
      </button>
    </div>
  </div>
  <div
    className="w-3/4 flex justify-center flex-wrap gap-4"
  />
</div>
`;
