// Jest Snapshot v1, https://goo.gl/fbAQLP

exports[`renders correctly 1`] = `
<div
  className="flex"
>
  <div
    className="w-1/4"
  >
    <div>
      <h2>
        Price
      </h2>
      <div
        className="ml-4"
      >
        <div
          className="flex space-x-2 justify-center my-2"
        >
          <input
            className="w-1/2 h-6 border rounded-md px-2 focus:outline-none"
            onChange={[Function]}
            placeholder="Min"
            type="number"
            value=""
          />
          <input
            className="w-1/2 h-6 border rounded-md px-2 focus:outline-none"
            onChange={[Function]}
            placeholder="Max"
            type="number"
            value=""
          />
        </div>
      </div>
    </div>
    <h2>
      Sort
    </h2>
    <div
      className="ml-4"
    >
      <div
        className="flex items-center mb-1"
      >
        <input
          checked={false}
          className="mr-2"
          onChange={[Function]}
          type="checkbox"
        />
        <label
          className="checkbox-label"
        >
          Price Low to High
        </label>
      </div>
      <div
        className="flex items-center mb-1"
      >
        <input
          checked={false}
          className="mr-2"
          onChange={[Function]}
          type="checkbox"
        />
        <label
          className="checkbox-label"
        >
          Price High to Low
        </label>
      </div>
    </div>
    <div>
      <h2>
        Type
      </h2>
      <div
        className="ml-4"
      >
        <div
          className="mb-1"
        >
          <input
            checked={false}
            onChange={[Function]}
            type="checkbox"
          />
          <label
            className="label-title ml-2 mb-1 capitalize"
          >
            for sale
          </label>
        </div>
        <div
          className="mb-1"
        >
          <input
            checked={false}
            onChange={[Function]}
            type="checkbox"
          />
          <label
            className="label-title ml-2 mb-1 capitalize"
          >
            for borrow
          </label>
        </div>
      </div>
    </div>
    <div>
      <h2>
        Category
      </h2>
      <div
        className="ml-4"
      >
        <div
          className="mb-1"
        >
          <input
            checked={false}
            onChange={[Function]}
            type="checkbox"
          />
          <label
            className="label-title ml-2 mb-1 capitalize"
          >
            electronics
          </label>
        </div>
        <div
          className="mb-1"
        >
          <input
            checked={false}
            onChange={[Function]}
            type="checkbox"
          />
          <label
            className="label-title ml-2 mb-1 capitalize"
          >
            books
          </label>
        </div>
        <div
          className="mb-1"
        >
          <input
            checked={false}
            onChange={[Function]}
            type="checkbox"
          />
          <label
            className="label-title ml-2 mb-1 capitalize"
          >
            gaming
          </label>
        </div>
        <div
          className="mb-1"
        >
          <input
            checked={false}
            onChange={[Function]}
            type="checkbox"
          />
          <label
            className="label-title ml-2 mb-1 capitalize"
          >
            clothes
          </label>
        </div>
        <div
          className="mb-1"
        >
          <input
            checked={false}
            onChange={[Function]}
            type="checkbox"
          />
          <label
            className="label-title ml-2 mb-1 capitalize"
          >
            shoes
          </label>
        </div>
        <div
          className="mb-1"
        >
          <input
            checked={false}
            onChange={[Function]}
            type="checkbox"
          />
          <label
            className="label-title ml-2 mb-1 capitalize"
          >
            food
          </label>
        </div>
        <div
          className="mb-1"
        >
          <input
            checked={false}
            onChange={[Function]}
            type="checkbox"
          />
          <label
            className="label-title ml-2 mb-1 capitalize"
          >
            transportation
          </label>
        </div>
        <div
          className="mb-1"
        >
          <input
            checked={false}
            onChange={[Function]}
            type="checkbox"
          />
          <label
            className="label-title ml-2 mb-1 capitalize"
          >
            furniture
          </label>
        </div>
      </div>
    </div>
  </div>
  <div
    className="w-3/4 flex justify-center flex-wrap gap-4"
  />
</div>
`;
