// Jest Snapshot v1, https://goo.gl/fbAQLP

exports[`renders correctly 1`] = `
<div
  className="w-1/2 mx-auto p-5"
>
  <div
    className="collapse collapse-plus bg-base-200"
  >
    <input
      checked="checked"
      name="my-accordion-3"
      type="radio"
    />
    <div
      className="collapse-title text-xl font-medium"
    >
      Click to open this one and close others
    </div>
    <div
      className="collapse-content"
    >
      <p>
        hello
      </p>
    </div>
  </div>
  <div
    className="collapse collapse-plus bg-base-200"
  >
    <input
      name="my-accordion-3"
      type="radio"
    />
    <div
      className="collapse-title text-xl font-medium"
    >
      Click to open this one and close others
    </div>
    <div
      className="collapse-content"
    >
      <p>
        hello
      </p>
    </div>
  </div>
  <div
    className="collapse collapse-plus bg-base-200"
  >
    <input
      name="my-accordion-3"
      type="radio"
    />
    <div
      className="collapse-title text-xl font-medium"
    >
      Click to open this one and close others
    </div>
    <div
      className="collapse-content"
    >
      <p>
        hello
      </p>
    </div>
  </div>
</div>
`;
