// Jest Snapshot v1, https://goo.gl/fbAQLP

exports[`renders correctly 1`] = `
<div
  className="grid grid-cols-3 grid-rows-3 md:flex lg:grid lg:grid-rows-3  w-full sm:w-full md:w-full lg:w-1/2  justify-between  gap-4"
>
  <div
    className="col-span-3 row-span-3 md:grid-rows-2 items-center justify-center overflow-hidden  w-full h-72 lg:h-80 md:w-[60%] lg:w-full bg-[#EEF2F4]  border rounded-md border-[#979797]"
  >
    <div
      className="relative w-full h-72 lg:h-80 lg:w-full"
    >
      <img
        alt="product image"
        className="object-cover flex-reverse  w-full h-full"
        data-nimg="1"
        decoding="async"
        height={1000}
        loading="lazy"
        onError={[Function]}
        onLoad={[Function]}
        src="/_next/image?url=%2Fempty-image-container&w=3840&q=75"
        srcSet="/_next/image?url=%2Fempty-image-container&w=1200&q=75 1x, /_next/image?url=%2Fempty-image-container&w=3840&q=75 2x"
        style={
          Object {
            "color": "transparent",
          }
        }
        width={1200}
      />
      <button
        className="absolute top-2 right-2 p-2 h-4 w-4 grid place-content-center bg-red-500 rounded-full text-white cursor-pointer"
        onClick={[Function]}
      >
        X
      </button>
    </div>
  </div>
  <div
    className=" col-span-3 row-span-1    md:w-[40%] lg:w-full rounded-md gap-4"
  >
    <div
      className="flex justify-between  gap-4 md:grid md:grid-cols-2 md:grid-rows-2 sm:gap-6  lg:flex"
    >
      <div
        className="col-span-2 row-span-1 md:row-span-2 w-full h-20 sm:h-24 md:h-40 lg:h-28  bg-[#EEF2F4]   border rounded-md border-[#979797] overflow-hidden empty-image-container bg-[#EEF2F4] lg:bg-[#D1DBE3]"
      >
        <div
          className="empty-image-container"
        />
      </div>
      <div
        className="w-full col-span-1 row-span-1 bg-[#EEF2F4] h-20 sm:h-24 lg:h-28 border rounded-md border-[#979797] overflow-hidden empty-image-container bg-[#EEF2F4] lg:bg-[#D1DBE3]"
      >
        <div
          className="empty-image-container"
        />
      </div>
      <div
        className="col-span-1 row-span-1 bg-[#EEF2F4]  w-full h-20 sm:h-24 lg:h-28 border  rounded-md border-[#979797] overflow-hidden lg:w-full empty-image-container bg-[#EEF2F4] lg:bg-[#D1DBE3]"
      >
        <div
          className="empty-image-container"
        />
      </div>
    </div>
  </div>
</div>
`;
