// Jest Snapshot v1, https://goo.gl/fbAQLP

exports[`renders correctly 1`] = `
<div
  className=" flex  "
>
  <img
    alt="Logo"
    data-nimg="1"
    decoding="async"
    height={48}
    loading="lazy"
    onError={[Function]}
    onLoad={[Function]}
    src="Logo.svg"
    style={
      Object {
        "color": "transparent",
      }
    }
    width={48}
  />
  <div
    className="w-full h-full"
  >
    <span
      className="text-indigo-500 text-sm font-bold ,   fontFamily: 'Clash Display Variable', wordWrap: 'break-word'"
    >
      Student
      <br />
    </span>
    <span
      className="text-black  text-sm  font-bold ,  fontFamily: 'Clash Display Variable', wordWrap: 'break-word'"
    >
      Store
    </span>
  </div>
</div>
`;
