// Jest Snapshot v1, https://goo.gl/fbAQLP

exports[`renders correctly 1`] = `
<div
  className="flex h-[100px] gap-2"
>
  <div
    className="h-[80%] "
  >
    <img
      className="h-full object-fit"
      data-nimg="1"
      decoding="async"
      height={200}
      onError={[Function]}
      onLoad={[Function]}
      src=""
      style={
        Object {
          "color": "transparent",
        }
      }
      width={200}
    />
  </div>
  <div
    className=""
  >
    <h2
      className=" text-black"
    />
    <p />
    <span />
  </div>
  <button
    className="border-2 border-[#FF8A57] py-2 rounded-lg text-white shadow-sm text-md hover:bg-white hover:text-[#FF8A57] hover:border-2 hover:border-[#FF8A57] hover:duration-300 font-bold bg-red-600 px-4"
    onClick={[Function]}
  >
    Remove
  </button>
  <hr
    className="w-full my-12 text-black bg-black"
  />
</div>
`;
