// Jest Snapshot v1, https://goo.gl/fbAQLP

exports[`renders correctly 1`] = `
<button
  className="bg-[#FF8A57] border-2 border-[#FF8A57] py-2 px-14 rounded-lg text-white shadow-sm text-md hover:bg-white hover:text-[#FF8A57] hover:border-2 hover:border-[#FF8A57] hover:duration-300 font-bold"
/>
`;
